// Jest Snapshot v1, https://goo.gl/fbAQLP

exports[`renders login page 1`] = `
<div
  style={
    Object {
      "marginTop": 10,
    }
  }
>
  <div>
    <h3>
      Log in to existing account
    </h3>
    <p
      className="grey-text text-darken-1"
    >
      <em>
        Don't have an account? 
      </em>
      <a
        href="/users/signup"
        onClick={[Function]}
      >
        Register
      </a>
    </p>
  </div>
  <form
    onSubmit={[Function]}
  >
    <input
      className="form-control"
      onChange={[Function]}
      placeholder="Username"
      required={true}
      type="text"
      value=""
    />
    <br />
    <input
      className="form-control"
      onChange={[Function]}
      placeholder="Password"
      required={true}
      type="password"
      value=""
    />
    <br />
    <div
      className="form-group"
    >
      <button
        className="btn btn-primary btn btn-primary"
        disabled={false}
        type="submit"
      >
        Log In
      </button>
       
      <a
        className="btn btn-primary"
        href="http://localhost:3001/api/users/login/google"
      >
        Log in with Google
      </a>
      <p />
    </div>
  </form>
</div>
`;
