// Jest Snapshot v1, https://goo.gl/fbAQLP

exports[`renders login page 1`] = `
<div
  style={
    Object {
      "marginTop": 10,
    }
  }
>
  <div>
    <h3>
      Create An Account
    </h3>
    <p
      className="grey-text text-darken-1"
    >
      <em>
        Already have an account? 
      </em>
      <a
        href="/users/login"
        onClick={[Function]}
      >
        Log in to an existing account
      </a>
    </p>
  </div>
  <form
    onSubmit={[Function]}
  >
    <div
      className="form-row"
    >
      <div
        className="col"
      >
        <input
          className="form-control form-control"
          onChange={[Function]}
          placeholder="First Name"
          required={true}
          type="text"
          value=""
        />
      </div>
      <div
        className="col"
      >
        <input
          className="form-control form-control"
          onChange={[Function]}
          placeholder="Last Name"
          required={true}
          type="text"
          value=""
        />
      </div>
    </div>
    <br />
    <div
      className="form-row"
    >
      <div
        className="col"
      >
        <input
          className="form-control form-control"
          onChange={[Function]}
          placeholder="Email Address"
          required={true}
          type="email"
          value=""
        />
      </div>
      <div
        className="col"
      >
        <input
          className="form-control form-control"
          onChange={[Function]}
          placeholder="Course of Study"
          required={true}
          type="text"
          value=""
        />
      </div>
    </div>
    <br />
    <div
      className="form-group"
    >
      <label>
        Year of Study: 
      </label>
      <select
        className="form-control"
        onChange={[Function]}
        required={true}
        value="matriculatingSoon"
      >
        <option
          value="matriculatingSoon"
        >
          Matriculating Soon
        </option>
        <option
          value="undergrad"
        >
          Undergrad
        </option>
        <option
          value="masters"
        >
          Masters
        </option>
        <option
          value="doctorate"
        >
          Doctorate
        </option>
        <option
          value="others"
        >
          Others
        </option>
      </select>
    </div>
    <div
      className="form-row"
    >
      <div
        className="col"
      >
        <input
          className="form-control form-control"
          onChange={[Function]}
          placeholder="Username"
          required={true}
          type="text"
          value=""
        />
      </div>
      <div
        className="col"
      >
        <input
          className="form-control form-control"
          onChange={[Function]}
          placeholder="Password"
          required={true}
          type="password"
          value=""
        />
      </div>
    </div>
    <br />
    <div
      className="form-group"
    >
      <button
        className="btn btn-primary btn btn-primary"
        disabled={false}
        type="submit"
      >
        Create Account
      </button>
       
      <a
        className="btn btn-primary"
        href="http://localhost:3001/api/users/login/google"
      >
        Sign up with Google
      </a>
      <p />
    </div>
  </form>
</div>
`;
