// Jest Snapshot v1, https://goo.gl/fbAQLP

exports[`renders app 1`] = `
<div
  className="container"
>
  <nav
    className="navbar navbar-expand-lg navbar-light bg-light"
  >
    <a
      className="navbar-brand"
      href="/"
      onClick={[Function]}
    >
      <img
        alt="MODQ Logo"
        height="50"
        src="logo.jpg"
        width="50"
      />
      MODQ
    </a>
    <div
      className="collpase navbar-collapse"
    >
      <ul
        className="navbar-nav mr-auto"
      >
        <li
          className="navbar-item"
        >
          <a
            className="nav-link"
            href="/"
            onClick={[Function]}
          >
            Home
          </a>
        </li>
        <li
          className="navbar-item"
        >
          <a
            className="nav-link"
            href="/modreviews/newpost"
            onClick={[Function]}
          >
            Create A Post
          </a>
        </li>
        <li
          className="navbar-item"
        >
          <a
            className="nav-link"
            href="/users/signup"
            onClick={[Function]}
          >
            Register
          </a>
        </li>
        <li
          className="navbar-item"
        >
          <a
            className="nav-link"
            href="/users/login"
            onClick={[Function]}
          >
            Log In
          </a>
        </li>
      </ul>
    </div>
  </nav>
  <br />
  <div
    style={
      Object {
        "marginTop": 10,
      }
    }
  >
    <div>
      <div
        className="btn-group btn-group-toggle"
        role="group"
      >
        <label
          className="btn active btn-outline-info"
          disabled={false}
        >
          <input
            autoComplete="off"
            checked={true}
            disabled={false}
            name="sort_by"
            onBlur={[Function]}
            onChange={[Function]}
            onFocus={[Function]}
            type="radio"
            value="datePosted"
          />
          Date posted
        </label>
        <label
          className="btn btn-outline-info"
          disabled={false}
        >
          <input
            autoComplete="off"
            checked={false}
            disabled={false}
            name="sort_by"
            onBlur={[Function]}
            onChange={[Function]}
            onFocus={[Function]}
            type="radio"
            value="dateEdited"
          />
          Date edited
        </label>
        <label
          className="btn btn-outline-info"
          disabled={false}
        >
          <input
            autoComplete="off"
            checked={false}
            disabled={false}
            name="sort_by"
            onBlur={[Function]}
            onChange={[Function]}
            onFocus={[Function]}
            type="radio"
            value="upvotes"
          />
          Upvotes
        </label>
      </div>
       
      <div
        className="btn-group btn-group-toggle"
        role="group"
      >
        <label
          className="btn btn-outline-info"
          disabled={false}
        >
          <input
            autoComplete="off"
            checked={false}
            disabled={false}
            name="sort_by"
            onBlur={[Function]}
            onChange={[Function]}
            onFocus={[Function]}
            type="radio"
            value={-1}
          />
          Oldest to Latest Post
        </label>
        <label
          className="btn active btn-outline-info"
          disabled={false}
        >
          <input
            autoComplete="off"
            checked={true}
            disabled={false}
            name="sort_by"
            onBlur={[Function]}
            onChange={[Function]}
            onFocus={[Function]}
            type="radio"
            value={1}
          />
          Latest to Oldest Post
        </label>
      </div>
      <br />
      <br />
      <input
        autoComplete="off"
        className="form-control"
        onChange={[Function]}
        onClick={[Function]}
        onKeyDown={[Function]}
        placeholder="Choose a module"
        value=""
      />
      <br />
      <form
        className=""
        onSubmit={[Function]}
      >
        <div
          className="form-row"
        >
          <div
            className="col"
          >
            <input
              className="form-control"
              onChange={[Function]}
              placeholder="Search reviews"
              required={true}
              value=""
            />
          </div>
          <div
            className="col"
          >
            <button
              className="btn btn-info"
              disabled={false}
              type="submit"
            >
              Search
            </button>
             
            
            <button
              className="btn btn-info"
              disabled={false}
              onClick={[Function]}
              type="button"
            >
              Reset
            </button>
          </div>
        </div>
      </form>
    </div>
    <br />
  </div>
</div>
`;
